{"level":"info","time":"2026-08-12T07:39:10Z","message":"Thank you for trying Cloudflare Tunnel. Doing so, without a Cloudflare account, is a quick way to experiment and try it out. However, be aware that these account-less Tunnels have no uptime guarantee, are subject to the Cloudflare Online Services Terms of Use (https://www.cloudflare.com/website-terms/), and Cloudflare reserves the right to investigate your use of Tunnels for violations of such terms. If you intend to use Tunnels in production you should use a pre-created named tunnel by following: https://developers.cloudflare.com/cloudflare-one/connections/connect-apps"}
{"level":"info","time":"2026-08-12T07:39:10Z","message":"Requesting new quick Tunnel on trycloudflare.com..."}
{"level":"info","time":"2026-08-12T07:39:13Z","message":"+--------------------------------------------------------------------------------------------+"}
{"level":"info","time":"2026-08-12T07:39:13Z","message":"|  Your quick Tunnel has been created! Visit it at (it may take some time to be reachable):  |"}
{"level":"info","time":"2026-08-12T07:39:13Z","message":"|  https://induced-functions-toner-items.trycloudflare.com                                   |"}
{"level":"info","time":"2026-08-12T07:39:13Z","message":"+--------------------------------------------------------------------------------------------+"}
{"level":"info","time":"2026-08-12T07:39:13Z","message":"Cannot determine default configuration path. No file [config.yml config.yaml] in [~/.cloudflared ~/.cloudflare-warp ~/cloudflare-warp]"}
{"level":"info","time":"2026-08-12T07:39:13Z","message":"Version 2026.7.3 (Checksum 8635da433b6df8194746e88ed9d2589566c20e38bfc2a80e431a348b7c765841)"}
{"level":"info","time":"2026-08-12T07:39:13Z","message":"GOOS: windows, GOVersion: go1.26.4, GoArch: amd64"}
{"level":"info","time":"2026-08-12T07:39:13Z","message":"Settings: map[ha-connections:1 logfile:cloudflared.log loglevel:info p:http2 protocol:http2 url:tcp://localhost:3389]"}
{"level":"info","time":"2026-08-12T07:39:13Z","message":"cloudflared will not automatically update on Windows systems."}
{"level":"info","time":"2026-08-12T07:39:13Z","message":"Generated Connector ID: 7ada5097-7d2f-437a-8854-e35b3988812d"}
{"level":"info","time":"2026-08-12T07:39:13Z","message":"Initial protocol http2"}
{"level":"info","time":"2026-08-12T07:39:13Z","message":"ICMP proxy will use 10.1.0.30 as source for IPv4"}
{"level":"info","time":"2026-08-12T07:39:13Z","message":"ICMP proxy will use fe80::c704:c59b:5be8:d80c in zone Ethernet 3 as source for IPv6"}
{"level":"info","time":"2026-08-12T07:39:13Z","message":"ICMP proxy will use 10.1.0.30 as source for IPv4"}
{"level":"info","event":0,"ip":"198.41.200.13","connIndex":0,"time":"2026-08-12T07:39:13Z","message":"Tunnel connection curve preferences: [X25519MLKEM768 CurveID(65074) CurveP256]"}
{"level":"info","time":"2026-08-12T07:39:13Z","message":"ICMP proxy will use fe80::c704:c59b:5be8:d80c in zone Ethernet 3 as source for IPv6"}
{"level":"info","time":"2026-08-12T07:39:13Z","message":"Starting metrics server on 127.0.0.1:20241/metrics"}
{"level":"info","time":"2026-08-12T07:39:13Z","message":"+--------------------------------------------------------------------------------------+"}
{"level":"info","time":"2026-08-12T07:39:13Z","message":"|                               CONNECTIVITY PRE-CHECKS                                |"}
{"level":"info","time":"2026-08-12T07:39:13Z","message":"+--------------------------------------------------------------------------------------+"}
{"level":"info","time":"2026-08-12T07:39:13Z","message":"|  COMPONENT         TARGET                     STATUS  DETAILS                        |"}
{"level":"info","time":"2026-08-12T07:39:13Z","message":"|  DNS Resolution    region1.v2.argotunnel.com  PASS    DNS Resolved successfully      |"}
{"level":"info","time":"2026-08-12T07:39:13Z","message":"|  DNS Resolution    region2.v2.argotunnel.com  PASS    DNS Resolved successfully      |"}
{"level":"info","time":"2026-08-12T07:39:13Z","message":"|  UDP Connectivity  region1.v2.argotunnel.com  PASS    QUIC connection successful     |"}
{"level":"info","time":"2026-08-12T07:39:13Z","message":"|  UDP Connectivity  region2.v2.argotunnel.com  PASS    QUIC connection successful     |"}
{"level":"info","time":"2026-08-12T07:39:13Z","message":"|  TCP Connectivity  region1.v2.argotunnel.com  PASS    HTTP/2 connection successful   |"}
{"level":"info","time":"2026-08-12T07:39:13Z","message":"|  TCP Connectivity  region2.v2.argotunnel.com  PASS    HTTP/2 connection successful   |"}
{"level":"info","time":"2026-08-12T07:39:13Z","message":"|  Cloudflare API    api.cloudflare.com:443     PASS    API is reachable               |"}
{"level":"info","time":"2026-08-12T07:39:13Z","message":"|                                                                                      |"}
{"level":"info","time":"2026-08-12T07:39:13Z","message":"|  SUMMARY: Environment is healthy. cloudflared will use 'http2' as primary protocol.  |"}
{"level":"info","time":"2026-08-12T07:39:13Z","message":"+--------------------------------------------------------------------------------------+"}
{"level":"info","run_id":"d7be8e4f-6a50-43af-a350-572410c2f7e7","component":"DNS Resolution","target":"region1.v2.argotunnel.com","status":"pass","details":"DNS Resolved successfully","time":"2026-08-12T07:39:13Z","message":"precheck"}
{"level":"info","run_id":"d7be8e4f-6a50-43af-a350-572410c2f7e7","component":"DNS Resolution","target":"region2.v2.argotunnel.com","status":"pass","details":"DNS Resolved successfully","time":"2026-08-12T07:39:13Z","message":"precheck"}
{"level":"info","run_id":"d7be8e4f-6a50-43af-a350-572410c2f7e7","component":"UDP Connectivity","target":"region1.v2.argotunnel.com","status":"pass","details":"QUIC connection successful","time":"2026-08-12T07:39:13Z","message":"precheck"}
{"level":"info","run_id":"d7be8e4f-6a50-43af-a350-572410c2f7e7","component":"UDP Connectivity","target":"region2.v2.argotunnel.com","status":"pass","details":"QUIC connection successful","time":"2026-08-12T07:39:13Z","message":"precheck"}
{"level":"info","run_id":"d7be8e4f-6a50-43af-a350-572410c2f7e7","component":"TCP Connectivity","target":"region1.v2.argotunnel.com","status":"pass","details":"HTTP/2 connection successful","time":"2026-08-12T07:39:13Z","message":"precheck"}
{"level":"info","run_id":"d7be8e4f-6a50-43af-a350-572410c2f7e7","component":"TCP Connectivity","target":"region2.v2.argotunnel.com","status":"pass","details":"HTTP/2 connection successful","time":"2026-08-12T07:39:13Z","message":"precheck"}
{"level":"info","run_id":"d7be8e4f-6a50-43af-a350-572410c2f7e7","component":"Cloudflare API","target":"api.cloudflare.com:443","status":"pass","details":"API is reachable","time":"2026-08-12T07:39:13Z","message":"precheck"}
{"level":"info","run_id":"d7be8e4f-6a50-43af-a350-572410c2f7e7","hard_fail":false,"suggested_protocol":"http2","time":"2026-08-12T07:39:13Z","message":"precheck complete"}
{"level":"info","event":0,"connection":"bd1d7af7-300d-4c27-95c5-36e36eeb01bb","connIndex":0,"location":"sjc05","ip":"198.41.200.13","protocol":"http2","time":"2026-08-12T07:39:13Z","message":"Registered tunnel connection"}
